<html>
<body>
<pre>
<h1>µVision Build Log</h1>
<h2>Project:</h2>
U:\CS1021 (Computing) Projects\Assignment #2\Assignment.2.1.Sets\Sets.uvproj
Project File Date:  01/06/2016

<h2>Output:</h2>
Rebuild target 'Simulator'
assembling Sets.s...
linking...
Program Size: Code=748 RO-data=32 RW-data=4 ZI-data=4364  
".\Sets.axf" - 0 Errors, 0 Warning(s).
Rebuild target 'Simulator'
assembling Sets.s...
linking...
Program Size: Code=832 RO-data=32 RW-data=128 ZI-data=4360  
".\Sets.axf" - 0 Errors, 0 Warning(s).
Rebuild target 'Simulator'
assembling Sets.s...
linking...
Program Size: Code=880 RO-data=32 RW-data=128 ZI-data=4360  
".\Sets.axf" - 0 Errors, 0 Warning(s).
Rebuild target 'Simulator'
assembling Sets.s...
Sets.s(13): error: A1516E: Bad symbol 'Csize', not defined or external
".\Sets.axf" - 1 Errors, 0 Warning(s).
Target not created
Rebuild target 'Simulator'
assembling Sets.s...
linking...
Program Size: Code=892 RO-data=32 RW-data=128 ZI-data=4360  
".\Sets.axf" - 0 Errors, 0 Warning(s).
